
> fpms-spa@0.1.0 lint
> eslint . --max-warnings 0


> fpms-spa@0.1.0 typecheck
> vue-tsc --noEmit


> fpms-spa@0.1.0 build
> vite build

vite v5.4.21 building for production...
transforming...
✓ 1741 modules transformed.
rendering chunks...
computing gzip size...
dist/index.html                                                                    0.65 kB │ gzip:   0.46 kB
dist/assets/TaskList-CLNOfM_I.css                                                  0.06 kB │ gzip:   0.07 kB
dist/assets/TaskTemplateList-CsyvQY5t.css                                          0.07 kB │ gzip:   0.09 kB
dist/assets/DocTemplateList-KK9sQyfy.css                                           0.07 kB │ gzip:   0.09 kB
dist/assets/ClientForm-CS6EmrVh.css                                                0.12 kB │ gzip:   0.12 kB
dist/assets/ClientDetail-BCG9_piq.css                                              0.17 kB │ gzip:   0.17 kB
dist/assets/DocumentEdit-9LuVoBpY.css                                              0.18 kB │ gzip:   0.13 kB
dist/assets/FeeRates-BIre_kfD.css                                                  0.19 kB │ gzip:   0.15 kB
dist/assets/BillList-CB8KyW1T.css                                                  0.19 kB │ gzip:   0.13 kB
dist/assets/CaseList-1_tj2h0_.css                                                  0.25 kB │ gzip:   0.16 kB
dist/assets/DocumentList-zgujAAzi.css                                              0.26 kB │ gzip:   0.15 kB
dist/assets/CaseCreate-BnIK5HHJ.css                                                0.27 kB │ gzip:   0.17 kB
dist/assets/FeeDraftCreate-BiPQmJTz.css                                            0.33 kB │ gzip:   0.19 kB
dist/assets/TaskCreate-ChcytJSl.css                                                0.33 kB │ gzip:   0.19 kB
dist/assets/FeeDraftList-BGdxjZmV.css                                              0.38 kB │ gzip:   0.18 kB
dist/assets/PaymentCreate-Dhn2Zh77.css                                             0.39 kB │ gzip:   0.22 kB
dist/assets/DocumentCreate-DSfrjqGh.css                                            0.48 kB │ gzip:   0.23 kB
dist/assets/SystemParams-DT5fwFt_.css                                              0.73 kB │ gzip:   0.34 kB
dist/assets/TaskDetail-BBBJEcoy.css                                                0.81 kB │ gzip:   0.34 kB
dist/assets/PaymentList-n5NTapnG.css                                               0.87 kB │ gzip:   0.38 kB
dist/assets/BillCreate-Dwd5_h6L.css                                                0.94 kB │ gzip:   0.39 kB
dist/assets/DunningList-DsoMDsSt.css                                               1.01 kB │ gzip:   0.39 kB
dist/assets/LetterheadList-C9IBvdjX.css                                            1.04 kB │ gzip:   0.39 kB
dist/assets/BillDetail-DuGH70JZ.css                                                1.08 kB │ gzip:   0.43 kB
dist/assets/CommissionRuleList-D4XMKIkH.css                                        1.10 kB │ gzip:   0.42 kB
dist/assets/CommissionList-CadBp5Xz.css                                            1.10 kB │ gzip:   0.42 kB
dist/assets/ConsultingCaseCreate-D-a1Ko3F.css                                      1.14 kB │ gzip:   0.43 kB
dist/assets/ExpenseCreate-Bvo07WB8.css                                             1.16 kB │ gzip:   0.45 kB
dist/assets/Dashboard-D0A1NG1Z.css                                                 1.18 kB │ gzip:   0.41 kB
dist/assets/GovPaymentCreate-BLV4_zHn.css                                          1.21 kB │ gzip:   0.46 kB
dist/assets/DunningCreate-D2d5OZNx.css                                             1.22 kB │ gzip:   0.47 kB
dist/assets/FeeDraftDetail-2piveCN_.css                                            1.24 kB │ gzip:   0.49 kB
dist/assets/TodayReminders-BPte7rxC.css                                            1.26 kB │ gzip:   0.44 kB
dist/assets/PayList-YlOGsU6w.css                                                   1.26 kB │ gzip:   0.47 kB
dist/assets/AnnuityTaskList-BjIwKcEf.css                                           1.32 kB │ gzip:   0.49 kB
dist/assets/DocumentDetail-Bc-mxXzO.css                                            1.38 kB │ gzip:   0.52 kB
dist/assets/DunningDetail-DEhDcbLM.css                                             1.48 kB │ gzip:   0.55 kB
dist/assets/ExpenseList-jqq2GD8O.css                                               1.58 kB │ gzip:   0.59 kB
dist/assets/CommissionSettlement-CCjEgYmx.css                                      1.70 kB │ gzip:   0.57 kB
dist/assets/ConsultingFeeDraftCreate-1IWAvW-Q.css                                  1.71 kB │ gzip:   0.56 kB
dist/assets/ConsultingProfitability-BTM2Gg6s.css                                   1.83 kB │ gzip:   0.66 kB
dist/assets/CaseDetail-BetkytGm.css                                                1.88 kB │ gzip:   0.58 kB
dist/assets/index-C23FIES_.css                                                   378.97 kB │ gzip:  52.90 kB
dist/assets/ClientList-BhDEOLj4.js                                                 0.17 kB │ gzip:   0.19 kB
dist/assets/LoadingBlock.vue_vue_type_script_setup_true_lang-Bq-ajjtW.js           0.43 kB │ gzip:   0.30 kB
dist/assets/PaginationBar.vue_vue_type_script_setup_true_lang-QT0eRDhU.js          0.68 kB │ gzip:   0.39 kB
dist/assets/system-CKng2b1Z.js                                                     0.71 kB │ gzip:   0.36 kB
dist/assets/EmptyState.vue_vue_type_script_setup_true_lang-C9u01uvE.js             1.07 kB │ gzip:   0.58 kB
dist/assets/displayText-CwzWHq2C.js                                                1.09 kB │ gzip:   0.81 kB
dist/assets/validation-CQlPBMiH.js                                                 1.10 kB │ gzip:   0.50 kB
dist/assets/ApiErrorBanner.vue_vue_type_script_setup_true_lang-D0pTANot.js         1.42 kB │ gzip:   0.73 kB
dist/assets/tasks-CgN6ZecZ.js                                                      1.95 kB │ gzip:   0.74 kB
dist/assets/clients-C_9sI0lz.js                                                    2.08 kB │ gzip:   0.63 kB
dist/assets/govPayments-wOH8RBeR.js                                                2.13 kB │ gzip:   1.28 kB
dist/assets/RelationChainCard.vue_vue_type_script_setup_true_lang-CJ7LvuQ3.js      2.16 kB │ gzip:   0.99 kB
dist/assets/collections-Dus62uRu.js                                                2.60 kB │ gzip:   0.96 kB
dist/assets/documents-BqufXOpx.js                                                  2.73 kB │ gzip:   0.93 kB
dist/assets/ClientList-Daz9P45Z.js                                                 2.97 kB │ gzip:   1.47 kB
dist/assets/workflow-Ci_YPtfb.js                                                   3.04 kB │ gzip:   1.39 kB
dist/assets/cases-BSTJnf2i.js                                                      3.33 kB │ gzip:   1.00 kB
dist/assets/expenses-CMJ9VWMf.js                                                   3.33 kB │ gzip:   1.68 kB
dist/assets/FeeDraftCreate-BeUC7T3u.js                                             3.39 kB │ gzip:   1.68 kB
dist/assets/TodayReminders-D2JYF8sk.js                                             3.47 kB │ gzip:   1.78 kB
dist/assets/billing-CWga0akh.js                                                    3.67 kB │ gzip:   1.32 kB
dist/assets/commission-DBv9U1gO.js                                                 3.71 kB │ gzip:   1.03 kB
dist/assets/fees-DIZ8PlE5.js                                                       3.88 kB │ gzip:   1.25 kB
dist/assets/BillList-smltvtAo.js                                                   4.10 kB │ gzip:   1.81 kB
dist/assets/DunningDetail-BgQuaJ57.js                                              4.14 kB │ gzip:   2.00 kB
dist/assets/FeeDraftList-CfFr-v4g.js                                               4.45 kB │ gzip:   1.89 kB
dist/assets/TaskCreate-skStkLEw.js                                                 4.48 kB │ gzip:   1.92 kB
dist/assets/DocumentEdit-_-8t6sRj.js                                               4.75 kB │ gzip:   2.00 kB
dist/assets/PaymentCreate-CChxYFB2.js                                              4.83 kB │ gzip:   2.05 kB
dist/assets/DunningCreate-BPNYFb5p.js                                              4.93 kB │ gzip:   2.46 kB
dist/assets/DocumentList-B1E0V_E5.js                                               4.99 kB │ gzip:   2.01 kB
dist/assets/SystemParams-DsHTZwWN.js                                               5.49 kB │ gzip:   2.25 kB
dist/assets/DunningList-jO9eZnDG.js                                                5.67 kB │ gzip:   2.51 kB
dist/assets/LetterheadList-CwWwLvGf.js                                             5.70 kB │ gzip:   2.44 kB
dist/assets/ClientForm-CQyYjE6h.js                                                 5.96 kB │ gzip:   2.52 kB
dist/assets/TaskTemplateList-BcbvXTlm.js                                           6.19 kB │ gzip:   2.33 kB
dist/assets/ExpenseList-DmIx-VHv.js                                                6.32 kB │ gzip:   2.80 kB
dist/assets/CommissionList-BQ9F0dJl.js                                             6.46 kB │ gzip:   2.56 kB
dist/assets/ExpenseCreate-DYJ9vscm.js                                              6.58 kB │ gzip:   2.49 kB
dist/assets/PayList-DEll8DaY.js                                                    6.70 kB │ gzip:   2.89 kB
dist/assets/GovPaymentCreate-ut1ci80B.js                                           7.09 kB │ gzip:   2.61 kB
dist/assets/TaskList-DpnijhRX.js                                                   7.48 kB │ gzip:   2.80 kB
dist/assets/DocumentCreate-hFwAaRaZ.js                                             7.72 kB │ gzip:   3.11 kB
dist/assets/CaseCreate-hpmVyDgk.js                                                 7.92 kB │ gzip:   2.66 kB
dist/assets/ConsultingCaseCreate-Pk_jktcB.js                                       7.99 kB │ gzip:   2.93 kB
dist/assets/DocumentDetail-CXOLwS88.js                                             8.08 kB │ gzip:   3.01 kB
dist/assets/CaseList-VhOQgA07.js                                                   8.17 kB │ gzip:   2.93 kB
dist/assets/TaskDetail-Cv6HeUN3.js                                                 8.42 kB │ gzip:   3.32 kB
dist/assets/BillCreate-pY6S7T1H.js                                                 8.44 kB │ gzip:   3.06 kB
dist/assets/ConsultingProfitability-DfKyDFz5.js                                    8.70 kB │ gzip:   3.68 kB
dist/assets/DocTemplateList-KfqihJcs.js                                            9.30 kB │ gzip:   3.13 kB
dist/assets/CaseEdit-D0hcAMET.js                                                   9.32 kB │ gzip:   2.99 kB
dist/assets/PaymentList-ztdTltW6.js                                               10.65 kB │ gzip:   4.06 kB
dist/assets/FeeRates-BhMRod1B.js                                                  11.55 kB │ gzip:   4.04 kB
dist/assets/BillDetail-CgvAFq0V.js                                                12.20 kB │ gzip:   4.24 kB
dist/assets/FeeDraftDetail-Dxlid4iB.js                                            12.68 kB │ gzip:   4.39 kB
dist/assets/ConsultingFeeDraftCreate-CTWlO79j.js                                  12.72 kB │ gzip:   4.13 kB
dist/assets/CommissionRuleList-CF-058Fl.js                                        12.86 kB │ gzip:   3.90 kB
dist/assets/ClientDetail-CacX_PEn.js                                              13.05 kB │ gzip:   4.10 kB
dist/assets/CommissionSettlement-BxmOttgh.js                                      14.27 kB │ gzip:   4.38 kB
dist/assets/AnnuityTaskList-BC15nVtu.js                                           15.05 kB │ gzip:   5.63 kB
dist/assets/Dashboard-CmAHfq48.js                                                 16.37 kB │ gzip:   5.92 kB
dist/assets/CaseDetail-ChPtWDMc.js                                                24.98 kB │ gzip:   7.59 kB
dist/assets/index-rpY-ruKt.js                                                  1,073.48 kB │ gzip: 357.67 kB

(!) Some chunks are larger than 500 kB after minification. Consider:
- Using dynamic import() to code-split the application
- Use build.rollupOptions.output.manualChunks to improve chunking: https://rollupjs.org/configuration-options/#output-manualchunks
- Adjust chunk size limit for this warning via build.chunkSizeWarningLimit.
✓ built in 3.53s
