INFO  [alembic.runtime.migration] Context impl SQLiteImpl.
INFO  [alembic.runtime.migration] Will assume non-transactional DDL.
INFO  [alembic.runtime.migration] Running upgrade enh_10_04_add_foreign_keys -> e109a0b1c2d3, add audit columns across MVP1 tables (idempotent).
Traceback (most recent call last):
  File "/Library/Frameworks/Python.framework/Versions/3.11/lib/python3.11/site-packages/sqlalchemy/engine/base.py", line 1963, in _exec_single_context
    self.dialect.do_execute(
  File "/Library/Frameworks/Python.framework/Versions/3.11/lib/python3.11/site-packages/sqlalchemy/engine/default.py", line 943, in do_execute
    cursor.execute(statement, parameters)
sqlite3.OperationalError: Cannot add a column with non-constant default

The above exception was the direct cause of the following exception:

Traceback (most recent call last):
  File "/Library/Frameworks/Python.framework/Versions/3.11/bin/alembic", line 7, in <module>
    sys.exit(main())
             ^^^^^^
  File "/Library/Frameworks/Python.framework/Versions/3.11/lib/python3.11/site-packages/alembic/config.py", line 1033, in main
    CommandLine(prog=prog).main(argv=argv)
  File "/Library/Frameworks/Python.framework/Versions/3.11/lib/python3.11/site-packages/alembic/config.py", line 1023, in main
    self.run_cmd(cfg, options)
  File "/Library/Frameworks/Python.framework/Versions/3.11/lib/python3.11/site-packages/alembic/config.py", line 957, in run_cmd
    fn(
  File "/Library/Frameworks/Python.framework/Versions/3.11/lib/python3.11/site-packages/alembic/command.py", line 483, in upgrade
    script.run_env()
  File "/Library/Frameworks/Python.framework/Versions/3.11/lib/python3.11/site-packages/alembic/script/base.py", line 545, in run_env
    util.load_python_file(self.dir, "env.py")
  File "/Library/Frameworks/Python.framework/Versions/3.11/lib/python3.11/site-packages/alembic/util/pyfiles.py", line 116, in load_python_file
    module = load_module_py(module_id, path)
             ^^^^^^^^^^^^^^^^^^^^^^^^^^^^^^^
  File "/Library/Frameworks/Python.framework/Versions/3.11/lib/python3.11/site-packages/alembic/util/pyfiles.py", line 136, in load_module_py
    spec.loader.exec_module(module)  # type: ignore
    ^^^^^^^^^^^^^^^^^^^^^^^^^^^^^^^
  File "<frozen importlib._bootstrap_external>", line 940, in exec_module
  File "<frozen importlib._bootstrap>", line 241, in _call_with_frames_removed
  File "/Users/cfcc/Workshop/myprojects/fpms_mvp1_blueprint_atomic/backend/alembic/env.py", line 70, in <module>
    run_migrations_online()
  File "/Users/cfcc/Workshop/myprojects/fpms_mvp1_blueprint_atomic/backend/alembic/env.py", line 64, in run_migrations_online
    context.run_migrations()
  File "<string>", line 8, in run_migrations
  File "/Library/Frameworks/Python.framework/Versions/3.11/lib/python3.11/site-packages/alembic/runtime/environment.py", line 946, in run_migrations
    self.get_context().run_migrations(**kw)
  File "/Library/Frameworks/Python.framework/Versions/3.11/lib/python3.11/site-packages/alembic/runtime/migration.py", line 627, in run_migrations
    step.migration_fn(**kw)
  File "/Users/cfcc/Workshop/myprojects/fpms_mvp1_blueprint_atomic/backend/alembic/versions/e109a0b1c2d3_enh10_add_audit_columns.py", line 77, in upgrade
    op.add_column(table, column)
  File "<string>", line 8, in add_column
  File "<string>", line 3, in add_column
  File "/Library/Frameworks/Python.framework/Versions/3.11/lib/python3.11/site-packages/alembic/operations/ops.py", line 2186, in add_column
    return operations.invoke(op)
           ^^^^^^^^^^^^^^^^^^^^^
  File "/Library/Frameworks/Python.framework/Versions/3.11/lib/python3.11/site-packages/alembic/operations/base.py", line 454, in invoke
    return fn(self, operation)
           ^^^^^^^^^^^^^^^^^^^
  File "/Library/Frameworks/Python.framework/Versions/3.11/lib/python3.11/site-packages/alembic/operations/toimpl.py", line 175, in add_column
    operations.impl.add_column(
  File "/Library/Frameworks/Python.framework/Versions/3.11/lib/python3.11/site-packages/alembic/ddl/impl.py", line 378, in add_column
    self._exec(
  File "/Library/Frameworks/Python.framework/Versions/3.11/lib/python3.11/site-packages/alembic/ddl/impl.py", line 246, in _exec
    return conn.execute(construct, params)
           ^^^^^^^^^^^^^^^^^^^^^^^^^^^^^^^
  File "/Library/Frameworks/Python.framework/Versions/3.11/lib/python3.11/site-packages/sqlalchemy/engine/base.py", line 1415, in execute
    return meth(
           ^^^^^
  File "/Library/Frameworks/Python.framework/Versions/3.11/lib/python3.11/site-packages/sqlalchemy/sql/ddl.py", line 187, in _execute_on_connection
    return connection._execute_ddl(
           ^^^^^^^^^^^^^^^^^^^^^^^^
  File "/Library/Frameworks/Python.framework/Versions/3.11/lib/python3.11/site-packages/sqlalchemy/engine/base.py", line 1526, in _execute_ddl
    ret = self._execute_context(
          ^^^^^^^^^^^^^^^^^^^^^^
  File "/Library/Frameworks/Python.framework/Versions/3.11/lib/python3.11/site-packages/sqlalchemy/engine/base.py", line 1842, in _execute_context
    return self._exec_single_context(
           ^^^^^^^^^^^^^^^^^^^^^^^^^^
  File "/Library/Frameworks/Python.framework/Versions/3.11/lib/python3.11/site-packages/sqlalchemy/engine/base.py", line 1982, in _exec_single_context
    self._handle_dbapi_exception(
  File "/Library/Frameworks/Python.framework/Versions/3.11/lib/python3.11/site-packages/sqlalchemy/engine/base.py", line 2351, in _handle_dbapi_exception
    raise sqlalchemy_exception.with_traceback(exc_info[2]) from e
  File "/Library/Frameworks/Python.framework/Versions/3.11/lib/python3.11/site-packages/sqlalchemy/engine/base.py", line 1963, in _exec_single_context
    self.dialect.do_execute(
  File "/Library/Frameworks/Python.framework/Versions/3.11/lib/python3.11/site-packages/sqlalchemy/engine/default.py", line 943, in do_execute
    cursor.execute(statement, parameters)
sqlalchemy.exc.OperationalError: (sqlite3.OperationalError) Cannot add a column with non-constant default
[SQL: ALTER TABLE t_role ADD COLUMN created_at DATETIME DEFAULT CURRENT_TIMESTAMP NOT NULL]
(Background on this error at: https://sqlalche.me/e/20/e3q8)
