warning: The top-level linter settings are deprecated in favour of their counterparts in the `lint` section. Please update the following options in `backend/pyproject.toml`:
  - 'ignore' -> 'lint.ignore'
  - 'select' -> 'lint.select'
  - 'isort' -> 'lint.isort'
  - 'per-file-ignores' -> 'lint.per-file-ignores'
I001 [*] Import block is un-sorted or un-formatted
  --> backend/app/modules/documents/service.py:1:1
   |
 1 | / from __future__ import annotations
 2 | |
 3 | | from datetime import date, datetime
 4 | | from pathlib import Path
 5 | | from uuid import uuid4
 6 | |
 7 | | from sqlalchemy import func, or_, select
 8 | | from sqlalchemy.orm import Session, selectinload
 9 | |
10 | | from app.core.errors import raise_business_error
11 | | from app.core.storage import ensure_dir, safe_join
12 | | from app.modules.cases.models import Case, T_CaseApplicant
13 | | from app.modules.cases.service import validate_case_status_transition
14 | | from app.modules.documents.enums import DocumentDirection
15 | | from app.modules.documents.fee_linking_service import maybe_create_fee_draft
16 | | from app.modules.documents.models import (
17 | |     DocAttachment,
18 | |     DocDispatch,
19 | |     DocDispatchLine,
20 | |     DocTemplate,
21 | |     Document,
22 | | )
23 | | from app.modules.documents.schemas import (
24 | |     DocTemplateCreateIn,
25 | |     DocTemplateUpdateIn,
26 | |     DocumentEnvelopePreviewOut,
27 | |     DocumentCreateIn,
28 | |     DocumentDispatchCreateIn,
29 | |     DocumentMailingBatchIn,
30 | |     DocumentUpdateIn,
31 | |     DocumentWizardBatchCreateIn,
32 | |     DocumentWizardBatchRowIn,
33 | | )
34 | | from app.modules.masterdata.clients.models import Client, ClientAddress
35 | | from app.modules.tasks.enums import TaskAction, TaskStatus
36 | | from app.modules.tasks.models import Task
37 | | from app.modules.tasks.service import _create_task_log
38 | | from app.modules.tasks.task_generation_service import TaskGenerationService
   | |___________________________________________________________________________^
   |
help: Organize imports

I001 [*] Import block is un-sorted or un-formatted
 --> backend/tests/test_doc_dispatch_envelope.py:1:1
  |
1 | / from __future__ import annotations
2 | |
3 | | from uuid import uuid4
4 | |
5 | | from fastapi.testclient import TestClient
  | |_________________________________________^
  |
help: Organize imports

Found 2 errors.
[*] 2 fixable with the `--fix` option.
